{
  "name": "repository-example-foo",
  "namespace": "namespace-example-foo",
  "project": "project-example-foo",
  "size": 34252334,
  "package": {
    "type": "OCI Image",
    "documentation": "https://github.com/opencontainers/image-spec",
    "icon": "https://opencontainers/static/icon-small.png",
    "clients": {
      "docker": {
        "command": "docker",
        "actions": {
          "download": [
            "pull",
            "{package}:{tag}"
          ],
          "upload": [
            "push",
            "{package}:{tag}"
          ]
        }
      },
      "exampleCli": {
        "command": "example-cli",
        "actions": {
          "download": [
            "download",
            "--image",
            "{package}",
            "--tag",
            "{tag}"
          ],
          "upload": [
            "upload",
            "--image",
            "{package}",
            "--tag",
            "{tag}"
          ]
        }
      },
      "skopeo": {
        "command": "skopeo",
        "actions": {
          "download": [
            "pull",
            "{package}:{tag}"
          ],
          "upload": [
            "push",
            "{package}:{tag}"
          ]
        }
      }
    }
  },
  "labels": {
    "costCenter": "cs-foo",
    "maintainer": "Billy Seiken",
    "team": "team-example"
  }
}
