{
   "labels": {
      "costCenter": "cs-foo",
      "manager": "Frank Ponnez",
      "team": "team-example"
   },
   "name": "project-example",
   "repositories": 34
}
